                                                        
 Select a profile:                                      
                                                        
                                                        
 No profiles found. Run `pm profile new` to create one. 
                                                        
                                                        
 press any key to cancel                                
                                                        