                                          
 Select a profile:                        
                                          
 ▌ [1] 🔵 Contoso Main Dev                
   [2] 🟣 Contoso North Prod              
   [3] 🟢 Fabrikam Personal               
                                          
 Ctrl+V paste · Esc cancel · Enter select 
                                          