                                          
 Select a profile:                        
                                          
 / co                                     
                                          
 ▌ [1] 🔵 Contoso Main Dev                
   [2] 🟣 Contoso North Prod              
                                          
 Ctrl+V paste · Esc cancel · Enter select 
                                          