╭────────────────────────────────────────────────────────────────╮
│                                                                │
│  Delete profile?                                               │
│                                                                │
│  This will permanently remove Contoso.MainDev.toml from disk.  │
│                                                                │
│  [y] yes   [n] no                                              │
│                                                                │
╰────────────────────────────────────────────────────────────────╯