                                             
 Doctor                                      
                                             
 Profiles dir:         <profiles-dir>   ✓ ok 
 Session ID:           test-session-doctor   
 Session source:       pm-session            
 Active profile:       Contoso.MainDev       
                                             
 Provider checks: pending (next phase)       
                                             
 r refresh · esc back                        
                                             