                                                                              
 Profiles                                                                     
                                                                              
 ▌ [1] 🔵 Contoso Dev ◄                                                       
   [2] 🔴 Fabrikam Work                                                       
   [3] 🟢 Fabrikam Personal                                                   
                                                                              
 n: new · j/k move · enter set-active · e edit · d delete · / filter · ? help 
                                                                              