                                                                     
 Step 3/15: Profile color                                            
                                                                     
 PowerShell color name, e.g. Cyan, Magenta, Yellow                   
 Default: Cyan                                                       
                                                                     
 > Cyan                                                        ████  
                                                                     
 enter: next  shift-tab: back  esc: cancel                           
                                                                     